mode: set
kademlia/bucket.go:14.26,18.2 3 1
kademlia/bucket.go:22.51,24.55 2 1
kademlia/bucket.go:24.55,27.34 2 1
kademlia/bucket.go:27.34,29.4 1 0
kademlia/bucket.go:32.2,32.20 1 1
kademlia/bucket.go:32.20,33.37 1 1
kademlia/bucket.go:33.37,35.4 1 1
kademlia/bucket.go:36.8,38.3 1 0
kademlia/bucket.go:43.79,46.63 2 1
kademlia/bucket.go:46.63,50.3 3 1
kademlia/bucket.go:52.2,52.17 1 1
kademlia/bucket.go:56.33,58.2 1 1
kademlia/config.go:13.30,21.2 1 1
kademlia/contact.go:17.57,19.2 1 1
kademlia/contact.go:23.58,25.2 1 1
kademlia/contact.go:28.58,30.2 1 1
kademlia/contact.go:33.41,35.2 1 1
kademlia/contact.go:44.65,46.2 1 1
kademlia/contact.go:49.71,51.2 1 1
kademlia/contact.go:54.45,56.2 1 1
kademlia/contact.go:59.48,61.2 1 1
kademlia/contact.go:65.53,67.2 1 1
kademlia/contact.go:71.58,73.2 1 1
kademlia/helpers.go:8.73,10.2 1 1
kademlia/helpers.go:13.48,17.2 3 1
kademlia/join_service.go:14.64,19.19 3 0
kademlia/join_service.go:19.19,21.6 1 0
kademlia/join_service.go:23.5,29.19 5 0
kademlia/join_service.go:29.19,32.6 1 0
kademlia/join_service.go:32.11,34.6 1 0
kademlia/join_service.go:36.5,38.15 2 0
kademlia/join_service.go:41.71,45.24 3 0
kademlia/join_service.go:45.24,48.23 3 0
kademlia/join_service.go:48.23,50.10 1 0
kademlia/kademliaid.go:17.45,21.32 3 1
kademlia/kademliaid.go:21.32,23.3 1 1
kademlia/kademliaid.go:25.2,25.23 1 1
kademlia/kademliaid.go:30.40,32.32 2 1
kademlia/kademliaid.go:32.32,34.3 1 1
kademlia/kademliaid.go:35.2,35.23 1 1
kademlia/kademliaid.go:39.69,40.32 1 1
kademlia/kademliaid.go:40.32,41.42 1 1
kademlia/kademliaid.go:41.42,43.4 1 1
kademlia/kademliaid.go:45.2,45.14 1 0
kademlia/kademliaid.go:49.71,50.32 1 1
kademlia/kademliaid.go:50.32,51.42 1 1
kademlia/kademliaid.go:51.42,53.4 1 1
kademlia/kademliaid.go:55.2,55.13 1 1
kademlia/kademliaid.go:60.75,62.32 2 1
kademlia/kademliaid.go:62.32,64.3 1 1
kademlia/kademliaid.go:65.2,65.16 1 1
kademlia/kademliaid.go:69.47,71.2 1 1
kademlia/kademliaid.go:73.53,75.2 1 1
kademlia/kademliaid.go:77.56,79.56 2 1
kademlia/kademliaid.go:79.56,81.6 1 0
kademlia/kademliaid.go:82.5,82.31 1 1
kademlia/kademliaid.go:82.31,84.6 1 0
kademlia/kademliaid.go:85.5,86.15 2 1
kademlia/message.go:16.39,17.12 1 1
kademlia/message.go:18.12,19.16 1 1
kademlia/message.go:20.12,21.16 1 1
kademlia/message.go:22.17,23.21 1 1
kademlia/message.go:24.26,25.30 1 1
kademlia/message.go:26.18,27.22 1 1
kademlia/message.go:28.13,29.17 1 1
kademlia/message.go:30.20,31.24 1 1
kademlia/message.go:32.21,33.25 1 1
kademlia/message.go:34.10,35.19 1 1
kademlia/message_handler.go:17.158,25.2 1 1
kademlia/message_handler.go:27.93,32.18 3 1
kademlia/message_handler.go:33.12,34.27 1 1
kademlia/message_handler.go:35.12,36.27 1 0
kademlia/message_handler.go:37.17,38.31 1 1
kademlia/message_handler.go:39.26,40.39 1 0
kademlia/message_handler.go:41.13,42.28 1 1
kademlia/message_handler.go:43.18,44.32 1 1
kademlia/message_handler.go:45.10,46.69 1 0
kademlia/message_handler.go:50.75,68.2 5 1
kademlia/message_handler.go:70.75,73.2 2 0
kademlia/message_handler.go:75.79,80.16 3 1
kademlia/message_handler.go:80.16,82.3 1 0
kademlia/message_handler.go:84.2,92.16 4 1
kademlia/message_handler.go:92.16,94.3 1 0
kademlia/message_handler.go:96.2,117.22 7 1
kademlia/message_handler.go:120.87,125.16 3 0
kademlia/message_handler.go:125.16,127.3 1 0
kademlia/message_handler.go:129.2,131.16 3 0
kademlia/message_handler.go:131.16,133.3 1 0
kademlia/message_handler.go:136.2,136.48 1 0
kademlia/message_handler.go:136.48,138.3 1 0
kademlia/message_handler.go:140.2,143.23 2 0
kademlia/message_handler.go:146.76,151.16 3 1
kademlia/message_handler.go:151.16,153.3 1 0
kademlia/message_handler.go:155.2,157.16 3 1
kademlia/message_handler.go:157.16,159.3 1 0
kademlia/message_handler.go:161.2,167.23 3 1
kademlia/message_handler.go:170.80,175.16 3 1
kademlia/message_handler.go:175.16,177.3 1 0
kademlia/message_handler.go:179.2,181.16 3 1
kademlia/message_handler.go:181.16,183.3 1 0
kademlia/message_handler.go:185.2,193.11 5 1
kademlia/message_handler.go:193.11,207.3 3 1
kademlia/message_handler.go:207.8,224.3 5 1
kademlia/node.go:21.67,23.18 2 1
kademlia/node.go:23.18,25.3 1 1
kademlia/node.go:25.8,27.3 1 1
kademlia/node.go:30.2,55.13 8 1
kademlia/node.go:58.30,62.12 2 1
kademlia/node.go:62.12,64.17 2 1
kademlia/node.go:64.17,66.4 1 0
kademlia/node.go:70.2,72.12 3 1
kademlia/node.go:75.29,78.2 2 1
kademlia/node.go:80.50,95.2 3 0
kademlia/node.go:97.76,111.2 3 0
kademlia/node.go:113.45,116.2 2 1
kademlia/node.go:119.53,124.2 4 1
kademlia/node.go:127.52,132.2 4 1
kademlia/node.go:135.35,138.2 2 1
kademlia/node.go:141.55,149.31 4 1
kademlia/node.go:149.31,154.3 3 1
kademlia/node.go:157.2,159.42 2 0
kademlia/node.go:159.42,172.17 3 0
kademlia/node.go:172.17,174.4 1 0
kademlia/node.go:174.9,176.4 1 0
kademlia/node.go:180.2,182.17 2 0
kademlia/node.go:186.64,188.46 1 1
kademlia/node.go:188.46,191.3 2 1
kademlia/node.go:193.2,196.31 3 1
kademlia/node.go:196.31,198.3 1 1
kademlia/node.go:201.2,203.42 2 0
kademlia/node.go:203.42,215.17 3 0
kademlia/node.go:215.17,217.4 1 0
kademlia/node.go:217.9,219.4 1 0
kademlia/node.go:225.2,225.23 1 0
kademlia/node.go:229.51,231.2 1 1
kademlia/node.go:234.64,236.11 2 1
kademlia/node.go:236.11,238.3 1 1
kademlia/node.go:239.2,239.20 1 1
kademlia/node.go:243.44,245.2 1 1
kademlia/node.go:248.33,250.2 1 1
kademlia/routingtable.go:14.48,16.34 2 1
kademlia/routingtable.go:16.34,18.3 1 1
kademlia/routingtable.go:19.2,20.21 2 1
kademlia/routingtable.go:24.63,28.2 3 1
kademlia/routingtable.go:31.96,38.98 5 1
kademlia/routingtable.go:38.98,39.25 1 1
kademlia/routingtable.go:39.25,42.4 2 1
kademlia/routingtable.go:43.3,43.33 1 1
kademlia/routingtable.go:43.33,46.4 2 1
kademlia/routingtable.go:49.2,51.30 2 1
kademlia/routingtable.go:51.30,53.3 1 1
kademlia/routingtable.go:55.2,55.38 1 1
kademlia/routingtable.go:59.70,61.32 2 1
kademlia/routingtable.go:61.32,62.26 1 1
kademlia/routingtable.go:62.26,63.42 1 1
kademlia/routingtable.go:63.42,65.5 1 1
kademlia/routingtable.go:69.2,69.23 1 0
kademlia/routingtable.go:72.62,74.37 2 1
kademlia/routingtable.go:74.37,76.70 2 1
kademlia/routingtable.go:76.70,79.10 2 1
kademlia/routingtable.go:81.5,81.20 1 1
kademlia/transport.go:21.76,27.2 1 1
kademlia/transport.go:29.53,31.16 2 1
kademlia/transport.go:31.16,33.3 1 0
kademlia/transport.go:35.2,36.16 2 1
kademlia/transport.go:36.16,38.3 1 0
kademlia/transport.go:40.2,48.6 5 1
kademlia/transport.go:48.6,50.17 2 1
kademlia/transport.go:50.17,52.12 1 1
kademlia/transport.go:55.3,55.53 1 0
kademlia/transport.go:59.84,64.51 4 0
kademlia/transport.go:64.51,67.3 2 0
kademlia/transport.go:69.2,77.9 3 0
kademlia/transport.go:78.34,78.34 0 0
kademlia/transport.go:80.10,81.64 1 0
kademlia/transport.go:85.42,86.39 1 1
kademlia/transport.go:86.39,88.17 2 0
kademlia/transport.go:88.17,90.12 2 0
kademlia/transport.go:94.3,94.25 1 0
kademlia/transport.go:94.25,96.18 2 0
kademlia/transport.go:96.18,98.5 1 0
kademlia/transport.go:103.61,104.19 1 0
kademlia/transport.go:104.19,106.3 1 0
kademlia/transport.go:108.2,109.16 2 0
kademlia/transport.go:109.16,111.3 1 0
kademlia/transport.go:113.2,116.16 3 0
kademlia/transport.go:116.16,118.3 1 0
kademlia/transport.go:120.2,123.16 3 0
kademlia/transport.go:123.16,125.3 1 0
kademlia/transport.go:127.2,128.12 2 0
kademlia/transport.go:131.69,133.16 2 0
kademlia/transport.go:133.16,135.3 1 0
kademlia/transport.go:137.2,140.16 3 0
kademlia/transport.go:140.16,142.3 1 0
kademlia/transport.go:144.2,145.16 2 0
kademlia/transport.go:145.16,147.3 1 0
kademlia/transport.go:149.2,150.12 2 0
kademlia/transport.go:153.38,155.19 2 1
kademlia/transport.go:155.19,157.3 1 1
kademlia/transport.go:158.2,158.12 1 0
